// Jest Snapshot v1, https://goo.gl/fbAQLP

exports[`imageLoader should catch error failed 1`] = `
[Error: 💩 Fetch image failed with target

undefined

and error message Cannot read property 'observer' of undefined]
`;

exports[`imageLoader should update mount images state when applyImage is called 1`] = `undefined`;
